Traceback (most recent call last):
  File "/Users/yuwang/.openclaw/workspace-claw-short/daily_short/analyze.py", line 108, in <module>
    sys.exit(main())
             ~~~~^^
  File "/Users/yuwang/.openclaw/workspace-claw-short/daily_short/analyze.py", line 103, in main
    post(r["result"])
    ~~~~^^^^^^^^^^^^^
  File "/Users/yuwang/.openclaw/workspace-claw-short/daily_short/analyze.py", line 61, in post
    subprocess.run(["openclaw", "message", "send", "--channel", "discord", "--account", ACCOUNT,
    ~~~~~~~~~~~~~~^^^^^^^^^^^^^^^^^^^^^^^^^^^^^^^^^^^^^^^^^^^^^^^^^^^^^^^^^^^^^^^^^^^^^^^^^^^^^^
                    "--target", CHANNEL, "--message", part], check=True,
                    ^^^^^^^^^^^^^^^^^^^^^^^^^^^^^^^^^^^^^^^^^^^^^^^^^^^^
                   stdout=subprocess.DEVNULL, timeout=120)
                   ^^^^^^^^^^^^^^^^^^^^^^^^^^^^^^^^^^^^^^^
  File "/opt/homebrew/Cellar/python@3.14/3.14.6/Frameworks/Python.framework/Versions/3.14/lib/python3.14/subprocess.py", line 557, in run
    stdout, stderr = process.communicate(input, timeout=timeout)
                     ~~~~~~~~~~~~~~~~~~~^^^^^^^^^^^^^^^^^^^^^^^^
  File "/opt/homebrew/Cellar/python@3.14/3.14.6/Frameworks/Python.framework/Versions/3.14/lib/python3.14/subprocess.py", line 1221, in communicate
    stdout, stderr = self._communicate(input, endtime, timeout)
                     ~~~~~~~~~~~~~~~~~^^^^^^^^^^^^^^^^^^^^^^^^^
  File "/opt/homebrew/Cellar/python@3.14/3.14.6/Frameworks/Python.framework/Versions/3.14/lib/python3.14/subprocess.py", line 2179, in _communicate
    self.wait(timeout=self._remaining_time(endtime))
    ~~~~~~~~~^^^^^^^^^^^^^^^^^^^^^^^^^^^^^^^^^^^^^^^
  File "/opt/homebrew/Cellar/python@3.14/3.14.6/Frameworks/Python.framework/Versions/3.14/lib/python3.14/subprocess.py", line 1279, in wait
    return self._wait(timeout=timeout)
           ~~~~~~~~~~^^^^^^^^^^^^^^^^^
  File "/opt/homebrew/Cellar/python@3.14/3.14.6/Frameworks/Python.framework/Versions/3.14/lib/python3.14/subprocess.py", line 2076, in _wait
    raise TimeoutExpired(self.args, timeout)
subprocess.TimeoutExpired: Command '['openclaw', 'message', 'send', '--channel', 'discord', '--account', 'default', '--target', 'channel:1553568018200657973', '--message', '  - 衍生品结构与 DP 下迁同步。\n- → **派发确认**（方向偏置）。29–30 core 的 retest 尚未裁决，且已熔断，只出判决线。\n\n⑤ 动机（只报状态，不下结论；因果腿未全验证）：\n- **倾向指纹**：派发 Distribution。命中分量：DP% 高但重心下迁；顶部停滞后梯子在更低位重建；call 写在 bid；put OI↑；IV 压缩。\n- **反证与未验证**：大单参与度 3.4% 属噪音区；flow side 有冲突；今日 flow 的次日 OI 缺失；IV×RV regime 字面与派发冲突（见下）。\n- **OI vs 成交量**（oi-change 10-01→10-02）[已验证]：call OI +4,614，put OI +615；全日 call 量 23,870 对 OI 270,279，put 量 5,413 对 OI 67,252，成交量 < OI，无新建仓信念。大单中 vol>OI 只有 1/10：10-09 38P ask 120 张，OI 71，深度 ITM，delta −0.95，新开。\n- **flow 拆结构**（as-of 19:08Z）：\n  - 2028-01 60C：5 笔单腿，bid 1,679 张 / $1.146M，ask 323 张 / $226K，476 DTE，日量 2,281 < OI 9,211，重复卖出，属远期写 call 盖子。但 flow-alerts 把一笔 500 张 RepeatedHits 标为 ask $349,677，side 冲突 [假设]。\n  - 2028-01 30C：bid 100 张 @12.65；全日 ask 189 / bid 415，净写出。\n  - 2027-05 35C：ask 319 张 @4.95，为买入。\n  - 2029-01 17.5C bid / 27.5C ask，32 张，同时戳多腿，属调仓，非方向押注。\n  - 多腿结构：0DTE call 价差在 bid 卖出（29/30、29/29.5）；32.5 put calendar bid 160 张。\n- **净意图**：call 净 premium −1.81M，put 净 +130K；bearish 4.10M 对 bullish 2.16M；sweep 计数为 0（option-trades），flow-alerts 有 4 笔。\n- **flow-IV**：call_ask 0.812，对比 10-01 0.762、09-30 0.961、09-29 0.914、09-28 0.953、09-25 1.025；call_all 0.877，对比 0.773 / 0.935 / 0.892 / 0.884 / 0.954。仅比昨日抬，比前一周低，无持续加注 [已验证，样本 prints 少]。\n- **IV×RV regime** [已验证]：\n  - IV30 从 1.341（09-21）降到 0.813（09-22），再降到 0.623；RV21 从 0.398 升到 1.145，再到 1.279。\n  - 09-22 发生 IV 下拐、RV 上穿，按规则是 call 买盘枯竭的标记（对应 09-23 高点 43.1）。\n  - 当前 RV > IV 且 IV 在低位（iv_rank 22，1y 分位 14.8）。规则字面归为"多数是多头行情、不做空"，与价格从 09-23 下跌 28% 冲突。RV21 被 09-22 单日 +35.7% 跳空主导。→ 标 **conflict**。\n- **借券**：费率低、可借量上升，无紧张。\n- **gamma 位置**：spot 位于 flip 上方 1.5%，正 gamma；vol 口径 put wall 29 与 call wall 30.5 之间，magnet 30.0 = 1D poc 30.0，当日成交带 Gamma hedge 对齐特征。\n- **其余指纹**：\n  - 对冲：不满足，净 delta 不平（cum_dir_delta −216,907），也未见与 DP 配对的反向期权。\n  - 库存转移：不满足，盘后 DP 仅 7,229 股，IV 在降。\n  - Fund rebalance：不满足，09-30 季末当日 dark 3.15M，低于 1M 均值，无单窗冒尖。\n\n⑥ Dealer（as-of 10-02 19:59Z）：\n']' timed out after 120 seconds
