LITE 111s in=420575 (cache_read=19523) out=10418
❌ LITE (see logs/2026-09-25/LITE.err)
COHR 104s in=261692 (cache_read=19523) out=9862
❌ COHR (see logs/2026-09-25/COHR.err)
AAOI 101s in=262672 (cache_read=19523) out=9760
❌ AAOI (see logs/2026-09-25/AAOI.err)
GLW 121s in=215320 (cache_read=19523) out=11738
❌ GLW (see logs/2026-09-25/GLW.err)
AEHR 67s in=197425 (cache_read=19523) out=6312
❌ AEHR (see logs/2026-09-25/AEHR.err)
VRT 114s in=229750 (cache_read=19523) out=11049
❌ VRT (see logs/2026-09-25/VRT.err)
NVT 71s in=84314 (cache_read=19523) out=6837
❌ NVT (see logs/2026-09-25/NVT.err)
NBIS 97s in=422628 (cache_read=19523) out=9235
✅ NBIS
DELL 98s in=559623 (cache_read=19523) out=8961
❌ DELL (see logs/2026-09-25/DELL.err)
FLEX 100s in=97368 (cache_read=19523) out=9690
✅ FLEX
MSFT 85s in=664213 (cache_read=19523) out=7296
✅ MSFT
META 82s in=743337 (cache_read=19523) out=7327
✅ META
IBM 135s in=235238 (cache_read=19523) out=13209
✅ IBM
NOW 122s in=302692 (cache_read=19523) out=11986
✅ NOW
DDOG 89s in=222107 (cache_read=19523) out=8200
✅ DDOG
MDB 113s in=251709 (cache_read=19523) out=10579
✅ MDB
MRK 77s in=162695 (cache_read=19523) out=7347
✅ MRK
RVMD 74s in=100199 (cache_read=19523) out=7260
✅ RVMD
CRVS 75s in=73412 (cache_read=73410) out=7222
✅ CRVS
VKTX 87s in=187905 (cache_read=19523) out=8141
✅ VKTX
TEVA 100s in=103004 (cache_read=19523) out=9329
✅ TEVA
VTRS 78s in=77564 (cache_read=19523) out=7577
✅ VTRS
SLV 98s in=460778 (cache_read=19523) out=8313
✅ SLV
✅ SLV
./daily_short/run.sh: line 80: syntax error near unexpected token `else'
./daily_short/run.sh: line 80: `  else'
