Traceback (most recent call last):
  File "/Users/yuwang/.openclaw/workspace-claw-short/daily_short/analyze.py", line 108, in <module>
    sys.exit(main())
             ~~~~^^
  File "/Users/yuwang/.openclaw/workspace-claw-short/daily_short/analyze.py", line 103, in main
    post(r["result"])
    ~~~~^^^^^^^^^^^^^
  File "/Users/yuwang/.openclaw/workspace-claw-short/daily_short/analyze.py", line 61, in post
    subprocess.run(["openclaw", "message", "send", "--channel", "discord", "--account", ACCOUNT,
    ~~~~~~~~~~~~~~^^^^^^^^^^^^^^^^^^^^^^^^^^^^^^^^^^^^^^^^^^^^^^^^^^^^^^^^^^^^^^^^^^^^^^^^^^^^^^
                    "--target", CHANNEL, "--message", part], check=True,
                    ^^^^^^^^^^^^^^^^^^^^^^^^^^^^^^^^^^^^^^^^^^^^^^^^^^^^
                   stdout=subprocess.DEVNULL, timeout=120)
                   ^^^^^^^^^^^^^^^^^^^^^^^^^^^^^^^^^^^^^^^
  File "/opt/homebrew/Cellar/python@3.14/3.14.6/Frameworks/Python.framework/Versions/3.14/lib/python3.14/subprocess.py", line 557, in run
    stdout, stderr = process.communicate(input, timeout=timeout)
                     ~~~~~~~~~~~~~~~~~~~^^^^^^^^^^^^^^^^^^^^^^^^
  File "/opt/homebrew/Cellar/python@3.14/3.14.6/Frameworks/Python.framework/Versions/3.14/lib/python3.14/subprocess.py", line 1221, in communicate
    stdout, stderr = self._communicate(input, endtime, timeout)
                     ~~~~~~~~~~~~~~~~~^^^^^^^^^^^^^^^^^^^^^^^^^
  File "/opt/homebrew/Cellar/python@3.14/3.14.6/Frameworks/Python.framework/Versions/3.14/lib/python3.14/subprocess.py", line 2179, in _communicate
    self.wait(timeout=self._remaining_time(endtime))
    ~~~~~~~~~^^^^^^^^^^^^^^^^^^^^^^^^^^^^^^^^^^^^^^^
  File "/opt/homebrew/Cellar/python@3.14/3.14.6/Frameworks/Python.framework/Versions/3.14/lib/python3.14/subprocess.py", line 1279, in wait
    return self._wait(timeout=timeout)
           ~~~~~~~~~~^^^^^^^^^^^^^^^^^
  File "/opt/homebrew/Cellar/python@3.14/3.14.6/Frameworks/Python.framework/Versions/3.14/lib/python3.14/subprocess.py", line 2076, in _wait
    raise TimeoutExpired(self.args, timeout)
subprocess.TimeoutExpired: Command '['openclaw', 'message', 'send', '--channel', 'discord', '--account', 'default', '--target', 'channel:1553568018200657973', '--message', '**LITE** · 光模块/光学 · Technology · 数据日 2026-09-28 · 核心覆盖 8/8\n⚠ short-volume = T-1（asof 20260925）· ⚠ short-interest asof 20260831（滞后 28 天，FINRA 披露节奏）→ 按 §1.3，这两层的结论降为观察。🧨 是否决闸，按保守原则仍照判。\n**结论**：🧨 禁止做空（squeeze-watch）\n\n① 🧨 挤仓否决：\n- **SI% float**：7.94%（as-of 08-31，滞后 28 天）[已验证，陈旧]。低于 10%，这一条单独不成立。\n- **SVR**：09-16→09-25 连续 8 个交易日 ≥55%。依次为 57.5 / 62.1 / 59.8 / 61.4 / 64.9 / 66.4 / 63.7 / 65.2%（as-of 09-25）[已验证，⚠T-1]。条件 1 由 SVR 满足 ✓。\n- **DTC**：1.72（as-of 08-31）[已验证，陈旧]。≤2 ✓。\n- **|spot − flip|**：spot 918.7（DP NBBO 中点，16:41 ET）。\n  - 距 vol flip 921.11：2.41，即 0.26%。\n  - 距 oi flip 915.41：3.29，即 0.36%。\n  - 两者都 ≤3% ✓ [已验证]。\n- **三条同时成立 → 🧨**。\n- **相位闸**：未触发。SVR 单日变动为 +1.6pt（09-25）和 −2.7pt（09-24）；SI 双月变动 −0.17pt。都没有 −10pt 及以上的回补 climax 签名，所以不降级为"偏晚"。\n- **借券**：费率 0.4234%（09-25）→ 0.25%（09-28）；可借量 1.5M → 1.4M（as-of 09-28 11:22 ET）[已验证]。与燃料退潮同向，但相位闸主判据没有触发，只作记录。\n- **→ 🧨**\n- **flip 收复触发位**：站回并守住 vol flip 921.11 之上。RTH 收盘 921.32 刚好压线，盘后回落到 918.7，尚未确认收复。\n- **彩票纪律**：\n  - 买 flip 上方一档 call（链上 921.11 之上的相邻行权价，例如 925）。\n  - 风险 ≤0.25%。\n  - 价格穿 flip 超过 1 ATR（ATR14 58.47，即 >979.58）时不追。\n  - 这是顺着挤仓做多的彩票，不是做空方案。\n\n② 熔断：\n- 名单负 gamma 5/23（LITE、COHR、GLW、VRT、IBM），超过 4 只的门槛，未熔断。\n- 本票 net gamma −63.9（as-of 09-28，取 max(date) 行）[已验证]，接近 0 略偏负。\n- **→ 未熔断**\n\n③ 量级（🧨 下只列事实）：\n- 1D 暗池量 2,275,210 股，DP% 68.5%，为 1M 均值的 0.998 倍（没有放量）。3D DP% 71.8%，1M DP% 60.4%。\n- 大单参与度 10.7%（暗池 9.4% + 场内 1.3%）。落在 16–21% 与 3–4% 两档之间。\n- 盘后 block 43 笔，78,316 股 [已验证 09-28]。\n\n④ 方向（🧨 下只列事实）：\n- **1000–1005 带（1M，09-09 形成）**：当天冲到 1026.76 后回落；09-22 触及 1002 再被顶回。之后未收复，属于上方供给。\n- **929–931 带（3D/1M）**：\n  - 09-25 盘前 929 有暗池 234k 股（场内仅 8.6k）。\n  - 当日收 941.65，站在带上方。\n  - 09-28 开盘 947.98 后几分钟内跌破，收盘 921.32 在带下方，这个带失守。\n- **940–945 带（1W）**：价格已在其下方。\n- **885–894 带（1D）**：当日暗池最重的一档，DP% 80–85%，成交于午盘 881.23 低点附近。尾盘价格收回 921，当日在这一带上方接得住。\n- **大单与价格**：09:11 ET 有 35,842 股 block 在 941.65（等于前收，盘前）。之后价格先淌到 881，随后收复到 921。\n']' timed out after 120 seconds
